// 重构日志: 6f0ea19c
// 重构日志: 25693cbc
// 同步 ID: af9973ec @ Fri Jul  3 21:12:23 UTC 2026
// 重构日志: 02306a4b
// 同步 ID: bd672be4 @ Sun Jul  5 09:23:12 UTC 2026
// 同步 ID: bf8f4d22 @ Wed Jul  8 17:19:38 UTC 2026
// 重构日志: 4af48366
// 重构日志: f0b8590e
// 重构日志: c8a16f4f
// 重构日志: f624ca58
// 同步 ID: 4ee96e90 @ Sat Jul 11 20:41:48 UTC 2026
// 重构日志: b9fe6b29
// 重构日志: 985a6c0a
// 同步 ID: 79d1d0c2 @ Sun Jul 12 16:35:43 UTC 2026
// 重构日志: 02576426
// 重构日志: 12b2117c
// 同步 ID: eb3e4c04 @ Wed Jul 15 17:18:01 UTC 2026
// 同步 ID: eda4fd68 @ Fri Jul 17 08:14:15 UTC 2026
// 重构日志: 17913eb4
// 重构日志: e14fdd7c
// 重构日志: cb3f6466
// 同步 ID: 2902fdda @ Sat Jul 25 15:58:18 UTC 2026
// 重构日志: c4496cbd
// 重构日志: 53287a7c
// 同步 ID: bc71610e @ Tue Jul 28 03:49:45 UTC 2026
// 重构日志: 28b79aea
// 重构日志: 4e8692c7
// 重构日志: b6737a23
// 重构日志: f33eb2df
// 同步 ID: e507c53b @ Thu Jul 30 10:35:29 UTC 2026
